→ Running tests in journey_presenter.ail
WARNING MOD010 (relaxed): module 'sunholo/crew_lab/journey_presenter' does not match canonical path 'journey_presenter'
  Running under --relax-modules; mismatch ignored. For strict checking, omit --relax-modules flag.

[1mTest Results[0m
Module: All Tests

[1mTests:[0m
  [32m✓[0m chapter_test_1 (525.071292ms)
      at [2mjourney_presenter.ail:15:5[0m
  [32m✓[0m chapter_test_2 (326.85275ms)
      at [2mjourney_presenter.ail:16:5[0m
  [32m✓[0m chapter_test_3 (326.311709ms)
      at [2mjourney_presenter.ail:17:5[0m
  [32m✓[0m chapter_test_4 (325.973917ms)
      at [2mjourney_presenter.ail:18:5[0m

[1mProperties:[0m
  [32m✓[0m chapter_property_1 (100 cases, 179.015083ms)
      at [2mjourney_presenter.ail:13:11[0m
  [32m✓[0m opening_property_1 (100 cases, 182.289583ms)
      at [2mjourney_presenter.ail:24:11[0m
  [32m✓[0m guide_property_1 (100 cases, 186.821459ms)
      at [2mjourney_presenter.ail:127:11[0m
  [33m⊘[0m frame_property_1 (164.3905ms)
      [33mno generator for parameter s: PlayState[0m
      at [2mjourney_presenter.ail:170:11[0m
  [33m⊘[0m indicatorChanges_property_1 (162.729666ms)
      [33mno generator for parameter before: Session[0m
      at [2mjourney_presenter.ail:186:11[0m
  [33m⊘[0m journeyRecap_property_1 (162.544459ms)
      [33mno generator for parameter s: PlayState[0m
      at [2mjourney_presenter.ail:218:11[0m

──────────────────────────────────────────────────
[31m✗[0m [1m3 properties never ran (no generator) — use --allow-skips to permit[0m

10 tests: 7 passed, 0 failed, 3 skipped (2.542000418s)
  [32m✓ Passed:[0m 7
  [31m✗ Failed:[0m 0
  [33m⊘ Skipped:[0m 3

[1mSeed:[0m
  mode: derived
  master seed: 0
  derivation: ailang-property-seed-v1
  replay: ailang test --seed 0 journey_presenter.ail

