constants:
  sigma exact SI = 5.67037441918442945397099673188923087584012297029130368240533E-8 ; package 5.670374419e-08 ; rel -3.2525108869076706e-11
  relation package sigma = 2 pi^5 k^4 / (15 h^3 c^2) to 1e-10: ok
  pi int B_lambda(1357 K) / sigma T^4 = 0.9999999376202608
  relation Stefan-Boltzmann by Planck integral at 1357 K (1e-7; c2 rounding): ok
  pi int B_lambda(6600 K) / sigma T^4 = 0.9999999376202608
  relation Stefan-Boltzmann by Planck integral at 6600 K (1e-7; c2 rounding): ok
  pi int B_lambda(14114 K) / sigma T^4 = 0.9999999376202608
  relation Stefan-Boltzmann by Planck integral at 14114 K (1e-7; c2 rounding): ok
  dark sky 23.5 mag/arcsec^2 = 4.333614406695645e-05 cd/m^2
efficacy (lm/W):
  T=290 efficacy=2.578304639796165e-25 photopicRadiance=3.291456241255647e-23
  T=798 efficacy=1.0390656102043307e-06 photopicRadiance=0.007605300886654949
  T=1000 efficacy=0.00015021523570781377 photopicRadiance=2.711289221180046
  T=1357.5 efficacy=0.023302172125750018 photopicRadiance=1428.2940364942708
  T=1500 efficacy=0.08511628391281373 photopicRadiance=7777.491670791771
  T=2481.90000000000009094947017729282379150390625 efficacy=7.648269310563032 photopicRadiance=5237959.6916092085
  T=2856 efficacy=16.47507374003735 photopicRadiance=19784361.709480647
  T=4448.899999999999636202119290828704833984375 efficacy=68.46631096535272 photopicRadiance=484115924.1886577
  T=5772 efficacy=92.07164175027089 photopicRadiance=1844561079.9939313
  T=6600 efficacy=95.45515798037434 photopicRadiance=3269166250.837639
  T=14114 efficacy=43.68080185721997 photopicRadiance=31286207295.998276
  maximum over 6000..7250 K step 50: 95.45554641423963 lm/W at 6650 K
  relation efficacy peak ~95 lm/W near 6,600 K (CIE blackbody): ok
  1 nm sum vs 0.1 nm Simpson at 1357.5 K: 0.023302172125750018 vs 0.023302172248996757 (rel -5.289066435374774e-09)
  1 nm sum vs 0.1 nm Simpson at 6600 K: 95.45515798037434 vs 95.45514298723035 (rel 1.5707004905415694e-07)
  1 nm sum vs 0.1 nm Simpson at 14114 K: 43.68080185721997 vs 43.680780026783374 (rel 4.997721326679663e-07)
glow temperature, emittance, radiance, efficacy, luminance (n 0.1 cm^-3, f_in 1/2):
0.5c: phi=0.5493061443340549 gamma=1.1547005383792515 K=402.5233620779993
  0.5c theta=0 cos=1.0 T=290.26511143152675 eff=2.736957587931424e-25 eps=1e-11 E=2.0126168103899963e-09 L_rad=6.406358278468235e-10 lum=1.7533930901260934e-34 lum/dark=4.046029308507502e-30
  0.5c theta=0 cos=1.0 T=290.26511143152675 eff=2.736957587931424e-25 eps=1e-9 E=2.0126168103899967e-07 L_rad=6.406358278468237e-08 lum=1.7533930901260936e-32 lum/dark=4.046029308507503e-28
  0.5c theta=45 cos=0.7071067811865476 T=266.1742807839645 eff=7.613598305629047e-28 eps=1e-11 E=1.4231349945568064e-09 L_rad=4.5299793814154665e-10 lum=3.448944334287931e-37 lum/dark=7.958586091460154e-33
  0.5c theta=45 cos=0.7071067811865476 T=266.1742807839645 eff=7.613598305629047e-28 eps=1e-9 E=1.4231349945568067e-07 L_rad=4.529979381415467e-08 lum=3.4489443342879317e-35 lum/dark=7.958586091460155e-31
  0.5c theta=80 cos=0.17364817766693041 T=187.37532374090378 eff=1.8805294304404627e-40 eps=1e-11 E=3.494872414660529e-10 L_rad=1.1124524405374627e-10 lum=2.0919995543960176e-50 lum/dark=4.827378160742166e-46
  0.5c theta=80 cos=0.17364817766693041 T=187.37532374090378 eff=1.8805294304404627e-40 eps=1e-9 E=3.494872414660529e-08 L_rad=1.1124524405374628e-08 lum=2.0919995543960178e-48 lum/dark=4.827378160742166e-44
  0.5c theta=90 cos=6.123233995736766e-17 T=0.02567675000538254 eff=0.0 eps=1e-11 E=1.2323723673771324e-25 L_rad=3.922763079958636e-26 lum=0.0 lum/dark=0.0
  0.5c theta=90 cos=6.123233995736766e-17 T=0.02567675000538254 eff=0.0 eps=1e-9 E=1.2323723673771324e-23 L_rad=3.922763079958637e-24 lum=0.0 lum/dark=0.0
  0.5c theta=120 cos=-0.49999999999999983 T=0.0 eff=0.0 eps=1e-11 E=0.0 L_rad=0.0 lum=0.0 lum/dark=0.0
  0.5c theta=120 cos=-0.49999999999999983 T=0.0 eff=0.0 eps=1e-9 E=0.0 L_rad=0.0 lum=0.0 lum/dark=0.0
  relation 0.5c sigma T_pole^4 = K: ok
  relation 0.5c T(45) = T_pole cos^1/4: ok
0.99c: phi=2.6466524123622457 gamma=7.088812050083355 K=192575.53743413044
  0.99c theta=0 cos=1.0 T=1357.5234659678836 eff=0.02330771971150396 eps=1e-11 E=9.628776871706521e-07 L_rad=3.0649348701220186e-07 lum=7.143664288681881e-09 lum/dark=0.00016484309904555818
  0.99c theta=0 cos=1.0 T=1357.5234659678836 eff=0.02330771971150396 eps=1e-9 E=9.628776871706523e-05 L_rad=3.064934870122019e-05 lum=7.143664288681882e-07 lum/dark=0.016484309904555818
  0.99c theta=45 cos=0.7071067811865476 T=1244.8545070377681 eff=0.0066373938098984 eps=1e-11 E=6.808573420515873e-07 L_rad=2.16723623055839e-07 lum=1.43848003412958e-09 lum/dark=3.3193540059933764e-05
  0.99c theta=45 cos=0.7071067811865476 T=1244.8545070377681 eff=0.0066373938098984 eps=1e-9 E=6.808573420515874e-05 L_rad=2.1672362305583902e-05 lum=1.43848003412958e-07 lum/dark=0.003319354005993377
  0.99c theta=80 cos=0.17364817766693041 T=876.3243976071534 eff=9.463427494097822e-06 eps=1e-11 E=1.6720195569333245e-07 L_rad=5.322203548645186e-08 lum=5.036628739143385e-13 lum/dark=1.1622235543987366e-08
  0.99c theta=80 cos=0.17364817766693041 T=876.3243976071534 eff=9.463427494097822e-06 eps=1e-9 E=1.6720195569333246e-05 L_rad=5.322203548645187e-06 lum=5.036628739143386e-11 lum/dark=1.1622235543987367e-06
  0.99c theta=90 cos=6.123233995736766e-17 T=0.12008604992240156 eff=0.0 eps=1e-11 E=5.895925387819728e-23 L_rad=1.8767313391450194e-23 lum=0.0 lum/dark=0.0
  0.99c theta=90 cos=6.123233995736766e-17 T=0.12008604992240156 eff=0.0 eps=1e-9 E=5.895925387819729e-21 L_rad=1.87673133914502e-21 lum=0.0 lum/dark=0.0
  0.99c theta=120 cos=-0.49999999999999983 T=0.0 eff=0.0 eps=1e-11 E=0.0 L_rad=0.0 lum=0.0 lum/dark=0.0
  0.99c theta=120 cos=-0.49999999999999983 T=0.0 eff=0.0 eps=1e-9 E=0.0 L_rad=0.0 lum=0.0 lum/dark=0.0
  relation 0.99c sigma T_pole^4 = K: ok
  relation 0.99c T(45) = T_pole cos^1/4: ok
0.999c: phi=3.8002011672501994 gamma=22.366272042129207 K=2151531.6471956572
  0.999c theta=0 cos=1.0 T=2481.898408081983 eff=7.648239333242471 eps=1e-11 E=1.0757658235978284e-05 L_rad=3.424268968698366e-06 lum=2.6189628614000476e-05 lum/dark=0.6043368457871153
  0.999c theta=0 cos=1.0 T=2481.898408081983 eff=7.648239333242471 eps=1e-9 E=0.0010757658235978286 L_rad=0.00034242689686983665 lum=0.002618962861400048 lum/dark=60.43368457871154
  0.999c theta=45 cos=0.7071067811865476 T=2275.9108750344153 eff=4.340891722236554 eps=1e-11 E=7.606813088347558e-06 L_rad=2.4213238083732806e-06 lum=1.051070447662186e-05 lum/dark=0.24253898686468991
  0.999c theta=45 cos=0.7071067811865476 T=2275.9108750344153 eff=4.340891722236554 eps=1e-9 E=0.0007606813088347559 L_rad=0.00024213238083732808 lum=0.0010510704476621863 lum/dark=24.253898686468993
  0.999c theta=80 cos=0.17364817766693041 T=1602.1440379551066 eff=0.1842525618418148 eps=1e-11 E=1.8680477486412744e-06 L_rad=5.946180662558904e-07 lum=1.0955990202507377e-07 lum/dark=0.0025281414482977165
  0.999c theta=80 cos=0.17364817766693041 T=1602.1440379551066 eff=0.1842525618418148 eps=1e-9 E=0.00018680477486412745 L_rad=5.9461806625589055e-05 lum=1.0955990202507379e-05 lum/dark=0.25281414482977166
  0.999c theta=90 cos=6.123233995736766e-17 T=0.21954786315444294 eff=0.0 eps=1e-11 E=6.587165862505984e-22 L_rad=2.096760015968031e-22 lum=0.0 lum/dark=0.0
  0.999c theta=90 cos=6.123233995736766e-17 T=0.21954786315444294 eff=0.0 eps=1e-9 E=6.587165862505984e-20 L_rad=2.0967600159680313e-20 lum=0.0 lum/dark=0.0
  0.999c theta=120 cos=-0.49999999999999983 T=0.0 eff=0.0 eps=1e-11 E=0.0 L_rad=0.0 lum=0.0 lum/dark=0.0
  0.999c theta=120 cos=-0.49999999999999983 T=0.0 eff=0.0 eps=1e-9 E=0.0 L_rad=0.0 lum=0.0 lum/dark=0.0
  relation 0.999c sigma T_pole^4 = K: ok
  relation 0.999c T(45) = T_pole cos^1/4: ok
cap: phi=7.254328619262047 gamma=707.106957963309 K=2250168606.210629
  cap theta=0 cos=1.0 T=14114.023335759708 eff=43.68067213463169 eps=1e-11 E=0.011250843031053143 L_rad=0.0035812545646862204 lum=0.15643160647071194 lum/dark=3609.7260113640355
  cap theta=0 cos=1.0 T=14114.023335759708 eff=43.68067213463169 eps=1e-9 E=1.1250843031053144 L_rad=0.3581254564686221 lum=15.643160647071195 lum/dark=360972.60113640357
  cap theta=45 cos=0.7071067811865476 T=12942.616464776733 eff=50.75159149995069 eps=1e-11 E=0.007955547401323088 L_rad=0.002532329387844904 lum=0.12851974663522478 lum/dark=2965.6479458960516
  cap theta=45 cos=0.7071067811865476 T=12942.616464776733 eff=50.75159149995069 eps=1e-9 E=0.795554740132309 L_rad=0.25323293878449044 lum=12.851974663522478 lum/dark=296564.7945896052
  cap theta=80 cos=0.17364817766693041 T=9111.0491329183 eff=81.16197072046829 eps=1e-11 E=0.001953688389559062 L_rad=0.0006218783289191383 lum=0.050472870723428855 lum/dark=1164.6830102245785
  cap theta=80 cos=0.17364817766693041 T=9111.0491329183 eff=81.16197072046829 eps=1e-9 E=0.19536883895590623 L_rad=0.06218783289191384 lum=5.047287072342886 lum/dark=116468.30102245788
  cap theta=90 cos=6.123233995736766e-17 T=1.2485215566388441 eff=0.0 eps=1e-11 E=6.889154452844269e-19 L_rad=2.192885969787414e-19 lum=0.0 lum/dark=0.0
  cap theta=90 cos=6.123233995736766e-17 T=1.2485215566388441 eff=0.0 eps=1e-9 E=6.889154452844269e-17 L_rad=2.1928859697874142e-17 lum=0.0 lum/dark=0.0
  cap theta=120 cos=-0.49999999999999983 T=0.0 eff=0.0 eps=1e-11 E=0.0 L_rad=0.0 lum=0.0 lum/dark=0.0
  cap theta=120 cos=-0.49999999999999983 T=0.0 eff=0.0 eps=1e-9 E=0.0 L_rad=0.0 lum=0.0 lum/dark=0.0
  relation cap sigma T_pole^4 = K: ok
  relation cap T(45) = T_pole cos^1/4: ok
colour (linear sRGB, Y = 1; CIE x, y):
  0.99c pole T=1357.5234659678836 rgb=(3.2646230444998374, 0.427466125375805, -1e-61) x=0.5986432216471059 y=0.3877592473599174
  0.999c pole T=2481.898408081983 rgb=(2.0555581535409657, 0.773523603773465, 0.1337237989130724) x=0.4770582694555332 y=0.41535680693989896
  cap pole T=14114.023335759708 rgb=(0.7972469393146366, 0.9925892373297945, 1.6708677622368697) x=0.26579353819607526 y=0.269774612404954
thresholds:
  gamma where the glow pole reaches the Draper point 798 K: 2.885251244397225
  gamma where the pole luminance equals the dark sky, eps 1e-11: 24.712248357049393
  the same at eps 1e-9 (D-15, superseded): 11.524532164438007
  eps that would put the 0.99c pole at 1.3 x the dark sky with this spectrum: 7.8862870664711e-08
  M4.2 placeholder (eps 1e-9, 182.565 lm/W white) at 0.99c: 0.0055955117571311165 cd/m^2 = 129.11881935055823 x dark sky
canon digits (higgs-bubble.md section 6):
  check HB-95 T pole 0.5c: 290.26511143152675 vs 290 +- 0.5: ok
  check HB-96 T pole 0.99c: 1357.5234659678836 vs 1358 +- 0.5: ok
  check HB-97 T pole 0.999c: 2481.898408081983 vs 2482 +- 0.5: ok
  check HB-98 T pole cap: 14114.023335759708 vs 14114 +- 0.5: ok
  check HB-99 gamma at Draper: 2.885251244397225 vs 2.89 +- 0.005: ok
  check HB-100 efficacy 0.99c: 0.02330771971150396 vs 0.0233 +- 0.00005: ok
  check HB-101 efficacy cap: 43.68067213463169 vs 43.7 +- 0.05: ok
  check HB-102 pole emittance 0.99c: 9.628776871706521e-07 vs 9.63e-7 +- 5e-10: ok
  check HB-103 pole emittance cap: 0.011250843031053143 vs 0.01125 +- 5e-6: ok
  check HB-104 pole luminance 0.99c: 7.143664288681881e-09 vs 7.14e-9 +- 5e-12: ok
  check HB-105 0.99c / dark sky: 0.00016484309904555818 vs 1.65e-4 +- 5e-7: ok
  check HB-106 pole luminance cap: 0.15643160647071194 vs 0.156 +- 0.0005: ok
  check HB-107 cap / dark sky: 3609.7260113640355 vs 3.61e3 +- 5: ok
  check HB-108 gamma where pole = dark sky: 24.712248357049393 vs 24.7 +- 0.05: ok
  check HB-109 mean inward glow 0.99c: 2.4071942179266303e-07 vs 2.41e-7 +- 5e-10: ok
  check HB-110 mean inward glow cap: 0.0028127107577632857 vs 2.81e-3 +- 5e-6: ok
  check HB-61 unchanged: 3.555289136076034e-09 vs 3.6e-9 +- 5e-11: ok
  check HB-45 unchanged: 192575.53743413044 vs 1.93e5 +- 500: ok
  check HB-46 unchanged: 2250168606.210629 vs 2.25e9 +- 5e6: ok
PASS
