sphere mean of max(0, cos theta) by theta-Simpson: 0.25000000000000845565 (exact 1/4)
0.5c: phi=0.5493061443340549 K=402.5233620779993 mean=5.031542025974992e-08 pole=2.0126168103899967e-07 pole/mean=4.0
  0.5c theta=0deg cos=1.0 emittance=2.0126168103899967e-07
  0.5c theta=45deg cos=0.7071067811865476 emittance=1.4231349945568067e-07
  0.5c theta=80deg cos=0.17364817766693041 emittance=3.494872414660529e-08
  0.5c theta=90deg cos=6.123233995736766e-17 emittance=1.2323723673771324e-23
  0.5c theta=120deg cos=-0.49999999999999983 emittance=0.0
0.99c: phi=2.6466524123622457 K=192575.53743413044 mean=2.4071942179266308e-05 pole=9.628776871706523e-05 pole/mean=4.0
  0.99c theta=0deg cos=1.0 emittance=9.628776871706523e-05
  0.99c theta=45deg cos=0.7071067811865476 emittance=6.808573420515874e-05
  0.99c theta=80deg cos=0.17364817766693041 emittance=1.6720195569333246e-05
  0.99c theta=90deg cos=6.123233995736766e-17 emittance=5.895925387819729e-21
  0.99c theta=120deg cos=-0.49999999999999983 emittance=0.0
cap: phi=7.254328619262047 K=2250168606.210629 mean=0.2812710757763286 pole=1.1250843031053144 pole/mean=4.0
  cap theta=0deg cos=1.0 emittance=1.1250843031053144
  cap theta=45deg cos=0.7071067811865476 emittance=0.795554740132309
  cap theta=80deg cos=0.17364817766693041 emittance=0.19536883895590623
  cap theta=90deg cos=6.123233995736766e-17 emittance=6.889154452844269e-17
  cap theta=120deg cos=-0.49999999999999983 emittance=0.0
HB-61 eps for mean 1 W/m^2 at cap: 3.555289136076034e-09
design / canon digits:
  check M4 glow_w_m2 0.99c: 2.4071942179266308e-05 vs 2.40719e-5 +- 5e-11: ok
  check M4 glow_pole 0.99c (AC8 interim): 9.628776871706523e-05 vs 9.62878e-5 +- 5e-11: ok
  check M4 G-M4-4 pole 0.99c: 9.628776871706523e-05 vs 9.6288e-5 +- 5e-10: ok
  check M4 G-M4-4 pole cap: 1.1250843031053144 vs 1.12508 +- 5e-6: ok
  check M4 mean at cap: 0.2812710757763286 vs 0.2813 +- 5e-5: ok
  check M4 K 0.99c: 192575.53743413044 vs 1.92576e5 +- 0.5: ok
  check HB-45: 192575.53743413044 vs 1.93e5 +- 500: ok
  check HB-61: 3.555289136076034e-09 vs 3.6e-9 +- 5e-11: ok
PASS
