lic_coeffs = [5.10602120415779, 0.4379750325843465, -0.15514366716101505, 0.21630484986380535, -0.1802370109468545, -0.15959544595860856, -0.06209055640526657, -0.5809081289730775, 0.6815497676249773]
lic_median_refit_pc = 0.3781764242135224
lic_median_published_pc = 1.685
lic_used_rows = 63
sun_in_lic = True
sun_nearest_lic_edge_pc_nside8 = 0.20158369673501644
shells = [{'name': 'G', 'log_n': 17.700000000000003, 'depth': 0.8121186034365945, 'r_in': 0.0, 'r_out': 0.8121186034365945, 'cos_half': 0.6009983404468519, 'closest': 1.3, 'lic_first': False}, {'name': 'Blue', 'log_n': 17.5, 'depth': 0.5124121974273135, 'r_in': 0.3949246452092677, 'r_out': 0.9073368426365811, 'cos_half': 0.8880080396636972, 'closest': 2.6, 'lic_first': True}, {'name': 'Aql', 'log_n': 17.8, 'depth': 1.0223967472571136, 'r_in': 1.2876139844797914, 'r_out': 2.310010731736905, 'cos_half': 0.8564951503915774, 'closest': 3.5, 'lic_first': True}, {'name': 'Eri', 'log_n': 17.85, 'depth': 1.1471480180407838, 'r_in': 1.9720242254812004, 'r_out': 3.119172243521984, 'cos_half': 0.9044917048214214, 'closest': 3.5, 'lic_first': True}, {'name': 'Aur', 'log_n': 17.6, 'depth': 0.6450887366545368, 'r_in': 0.4195292924089382, 'r_out': 1.064618029063475, 'cos_half': 0.9204905562980361, 'closest': 3.5, 'lic_first': True}, {'name': 'Hyades', 'log_n': 17.75, 'depth': 0.9112120601377909, 'r_in': 1.7741680663129622, 'r_out': 2.6853801264507533, 'cos_half': 0.912248723719174, 'closest': 5.0, 'lic_first': True}, {'name': 'Mic', 'log_n': 17.85, 'depth': 1.1471480180407838, 'r_in': 0.8954352575011256, 'r_out': 2.0425832755419093, 'cos_half': 0.8278911432061148, 'closest': 5.1, 'lic_first': True}, {'name': 'Oph', 'log_n': 17.5, 'depth': 0.5124121974273135, 'r_in': 0.7911745059658335, 'r_out': 1.303586703393147, 'cos_half': 0.9340653393691031, 'closest': 5.1, 'lic_first': True}, {'name': 'Gem', 'log_n': 17.85, 'depth': 1.1471480180407838, 'r_in': 0.20849588159458496, 'r_out': 1.3556438996353688, 'cos_half': 0.8400114852338532, 'closest': 6.7, 'lic_first': True}, {'name': 'NGP', 'log_n': 17.9, 'depth': 1.2871212460576726, 'r_in': 0.30645042060118216, 'r_out': 1.5935716666588549, 'cos_half': 0.8051049001939665, 'closest': 8.5, 'lic_first': True}, {'name': 'Leo', 'log_n': 18.6, 'depth': 6.450887366545368, 'r_in': 0.21617673768192913, 'r_out': 6.667064104227297, 'cos_half': 0.8836447165337113, 'closest': 11.1, 'lic_first': True}, {'name': 'Dor', 'log_n': 18.1, 'depth': 2.0399497007488843, 'r_in': 0.5970369742056626, 'r_out': 2.6369866749545467, 'cos_half': 0.9248538794280219, 'closest': 11.7, 'lic_first': True}, {'name': 'Vel', 'log_n': 18.55, 'depth': 5.749359417228677, 'r_in': 0.5857383379110269, 'r_out': 6.335097755139704, 'cos_half': 0.8938258038370116, 'closest': 14.9, 'lic_first': True}, {'name': 'Cet', 'log_n': 18.5, 'depth': 5.124121974273134, 'r_in': 0.47827956948237776, 'r_out': 5.602401543755511, 'cos_half': 0.8899472943881354, 'closest': 15.5, 'lic_first': True}]
acen_profile = [(0.0, 0.6067831765067202, 'G'), (0.6067831765067202, 1.0, 'hot')]
acen_log_nhi = 17.700000000000003
aldebaran_media = ['LIC', 'hot', 'Hyades', 'hot']
trappist1_media = ['LIC', 'hot']
membership = {'hits': 42, 'total': 59, 'fraction': 0.711864406779661, 'misses': [('LIC', 'eps Ind'), ('LIC', 'gam Ser'), ('G', '70 Oph'), ('G', 'alf Lyr'), ('Blue', 'alf CMa A'), ('Blue', 'alf CMa B'), ('Blue', 'EP Eri'), ('Aql', '61 Cyg A'), ('Hyades', 'EV Lac'), ('Mic', 'alf PsA'), ('Mic', 'AU Mic'), ('Oph', 'gam Ser'), ('Gem', 'ksi Boo A'), ('Gem', 'bet Gem'), ('Gem', 'alf Boo'), ('NGP', '61 Vir'), ('NGP', 'alf Oph')]}
n_h_warm = 0.2474
n_h_hot = 0.0039000000000000003
delta_local = 0.005071996685000932
n_eff_warm_m3 = 347614.8119798692
n_eff_hot_m3 = 5479.780787071504
n_eff_check = 347059.7
nh_from_ext_bohlin = 606.3393509283004
hold = {'hot': {'n_eff_m3': 5479.780787071504, 'phi': 10.4257480345407, 'gamma': 16858.341450497508, 'one_minus_beta': 1.7593016638800384e-09, 'phi_guided': 12.270187760740008, 'gamma_guided': 106621.51292990775}, 'warm': {'n_eff_m3': 347614.8119798692, 'phi': 8.35073313605109, 'gamma': 2116.6417072370205, 'one_minus_beta': 1.1160286764983995e-07, 'phi_guided': 10.19517280870166, 'gamma_guided': 13386.81611409562}, 'cloud10': {'n_eff_m3': 14100000.0, 'phi': 6.499317807796247, 'gamma': 332.34476890588263, 'one_minus_beta': 4.526830939978305e-06, 'phi_guided': 8.343755328020823, 'gamma_guided': 2101.9235991739065}, 'clump100': {'n_eff_m3': 141000000.0, 'phi': 5.348045631369929, 'gamma': 105.10092550453808, 'one_minus_beta': 4.526646520002351e-05, 'phi_guided': 7.19246329079411, 'gamma_guided': 664.6872811152762}, 'llcc3000': {'n_eff_m3': 4229999999.9999995, 'phi': 3.6481026441887563, 'gamma': 19.2138878088311, 'one_minus_beta': 0.0013552952047070077, 'phi_guided': 5.4918810093677095, 'gamma_guided': 121.35872193301124}}
hold_gamma_at_4200 = 19.282201516828028
ke_1um_2500_0999 = 20109.384472668207
ke_1um_2500_0999999 = 664569.6670206458
q_fit = 3.1024292135918063
q = 3.1
a_max_um = 8.977026012029025
lic_rho_dust = 2.1000000000000003e-24
lic_tail_mass_fraction = 0.9397380904560596
lic_flux_ge_1e-13 = 5.523778325916262e-08
lic_grains_per_ly = {'1e-07': 408580430614.41754, '1e-06': 2601416584.167773, '3e-06': 235399116.0202924, '9e-06': 0.0}
rates = {'hot 0.999c': {'1e-07': 4560.343933089083, '1e-06': 29.03554220452232, '3e-06': 2.627391940880178}, 'hot 0.999999c': {'1e-07': 144318.89099080994, '1e-06': 918.8730744338932, '3e-06': 83.14773987872636}, 'LIC 0.999c': {'1e-07': 289289.51001185615, '1e-06': 1841.8956772817496, '3e-06': 166.67096568557847}, 'LIC 0.999999c': {'1e-07': 9154998.366955478, '1e-06': 58289.5381063962, '3e-06': 5274.551498973564}}
afterglow_ke_5um_0999 = 3318048.4379902543
afterglow_T0_5um_0999 = 4393.268808506808
afterglow_E0_5um_0999 = 0.0010561676206489823
afterglow_L0_5um_0999 = 0.022493611688749904
visible = {'hot 0.99c': {'bg_cd_m2': 4.327000000083887e-05, 'a_visible_um': 2.103674058611313, 'a_bright_um': 2.8492534031962062, 'rate_visible': 1.8405155306650118, 'rate_bright': 0.9300836449840227}, 'hot 0.999c': {'bg_cd_m2': 4.3277110151166846e-05, 'a_visible_um': 1.384372296067985, 'a_bright_um': 1.8750250278050327, 'rate_visible': 14.520947307271989, 'rate_bright': 7.54143310677313}, 'hot 0.999999c': {'bg_cd_m2': 0.18707132254328337, 'a_visible_um': 1.2930080582695906, 'a_bright_um': 2.805620762334522, 'rate_visible': 531.8079808109987, 'rate_bright': 97.10395269513596}, 'LIC 0.99c': {'bg_cd_m2': 5.2029890749708286e-05, 'a_visible_um': 2.1395675106705374, 'a_bright_um': 2.9096198477661694, 'rate_visible': 112.47623231922476, 'rate_bright': 56.208621714309395}, 'LIC 0.999c': {'bg_cd_m2': 0.0040411915282410745, 'a_visible_um': 2.257462524569503, 'a_bright_um': 3.544006338198486, 'rate_visible': 317.9830726984273, 'rate_bright': 111.98268728483542}, 'LIC 0.999999c': {'bg_cd_m2': 2.922795798793617, 'a_visible_um': 2.584096966048977, 'a_bright_um': 8.977034989055037, 'rate_visible': 7431.834889050052, 'rate_bright': 0.0}}
ism_dust_ref: all checks pass
