# inputs
A_BOOST       = 774221.4566651969  (c/yr; 7.5e5 g)
PHI09         = 1.4722194895832204
PHI099        = 2.6466524123622457
PHICAP        = 7.254328619262047  (gamma 707.106957963309)
A_ROW5        = 139203.33028060468  (c/yr; 1322410.720289512 m/s^2)
acosh1p(1e-10) = 1.41421356236131e-05  (50-digit 1.41421356236131e-05)

# trip rows: phi | shipTime | galaxyTime | tauBurn | tauCoast | dBurn | dCoast | tBurn | fellBack
row1 aCen 0.9c: 1.4722194895832204 | 2.116489782091437 | 4.8555571747021204 | 1.901548293332646e-06 | 2.1164859789948505 | 1.6715596391243663e-06 | 4.369996656880722 | 2.6668617706986767e-06 | False
row2 aCen 0.99c: 2.6466524123622457 | 0.6226958707592057 | 4.414143655383168 | 3.418469469655579e-06 | 0.6226890338202664 | 7.864432066129617e-06 | 4.369984271135868 | 9.064491650503741e-06 | False
row3 aCen cap: 7.254328619262047 | 0.006196277986522204 | 4.370006949593909 | 9.369836700869292e-06 | 0.006177538313120466 | 0.0009120219439599654 | 4.36817595611208 | 0.0009133126507524977 | False
row4 0.001 ly cap (falls back): 6.654436202069182 | 1.7190007186656455e-05 | 0.001002579912238613 | 8.595003593328227e-06 | 0.0 | 0.0005 | 0.0 | 0.0005012899561193065 | True
row5 aCen 0.99c a=phi/600s: 2.6466524123622457 | 0.6227168354229866 | 4.414153879485825 | 1.901285268841737e-05 | 0.6226788097176098 | 4.374041941244932e-05 | 4.369912519161176 | 5.0414914035719267e-05 | False
row6 aCen flip 1 g: 1.8490440575827236 | 3.5823937227478337 | 6.00250277725247 | 1.7911968613739169 | 0.0 | 2.185 | 0.0 | 3.001251388626235 | False
row7 Gl 559 flip 1 g: 1.8468212299863758 | 3.5780871495240905 | 5.988497264963769 | 1.7890435747620452 | 0.0 | 2.178336521293255 | 0.0 | 2.9942486324818844 | False
row8 100 ly 1 g cruise 0.99: 2.6466524123622457 | 17.696001151818983 | 102.69103232505418 | 2.5638521022416842 | 12.568296947335615 | 5.898324049597212 | 88.20335190080557 | 6.798368737877806 | False
row9 1000 ly 1 g gamma 707.1 (falls back): 6.9414746458169425 | 13.448622327743177 | 1001.9355569687548 | 6.7243111638715884 | 0.0 | 500.0 | 0.0 | 500.9677784843774 | True
short flip 1e-9 ly at 1 g: 3.162277660036618e-05 | 6.126692110144091e-05 | 6.126692111165206e-05 | 3.0633460550720454e-05 | 0.0 | 4.843575397861447e-10 | 0.0 | 3.063346055582603e-05 | False
low-speed cruise d 1 a 1 phi 1e-6: 1e-06 | 1000000.0000008334 | 1000000.0000013334 | 1e-06 | 999999.9999988334 | 5.000000000000417e-13 | 0.999999999999 | 1.0000000000001666e-06 | False

# readouts (aCen, n = 1e5 m^-3, R = 100 m, m_eff = 1 kg, eps = 1e-9, f_in = 1/2)
0.9c: boost=1.3231648905001936e+17, drag=4.031443217698731e+16, total=3.0494741027702605e+17, totalKg=3.392997531381388, load=19212.828745135495, glow=1.5052987296077217e-06, force=2.01335557415512, power=603588816.4039648, tfwd=11.877999621148337
0.99c: boost=2.3786925619268595e+17, drag=1.3702577394591198e+17, total=6.127642863312838e+17, totalKg=6.817922175341585, load=221961.27278927862, glow=2.407194217926631e-05, force=23.259821432073448, power=6973119039.762379, tfwd=38.44085554458952
cap: boost=6.519865414820472e+17, drag=1.380061797390603e+19, total=1.5104591056870126e+19, totalKg=168.0612408609353, load=2253353077.7286806, glow=0.2812710757763286, force=236133.9415328578, power=70791174749363.73, tfwd=3853.730994033574

# canon HB values (higgs-bubble.md), computed
HB-16 gamma 0.99c: 7.088812050083355
HB-18 gamma cap: 707.106957963309
HB-22 aCen 0.99c ship days: 227.4396667947999
HB-26 aCen cap ship days: 2.263190534577235
HB-23 felt 1 g to 0.99c ship-yr: 2.5638521022416842
HB-24 felt 1 g to cap ship-yr: 7.0273775256519695
HB-31 example boost a m/s^2: 1322410.720289512
HB-32 example boost a in g: 134848.36516950364
HB-33 example boost galaxy min: 26.516228186226904
HB-34 example boost galaxy AU: 2.766191235760845
HB-37 boost energy ratio: 2.740944970853676
HB-38 load 0.5c: 1502.237638508537
HB-41 load 0.99c suns: 163.08690138815476
HB-43 load cap suns: 1655659.866075445
HB-44 K 0.5c: 402.52336207799925
HB-45 K 0.99c: 192575.53743413047
HB-46 K cap: 2250168606.2106285
HB-47 F 0.5c: 0.15742286382282836
HB-51 E_drag 0.5c full d: 1.1272871153117956e+16
HB-52 E_drag 0.9c full d: 4.031446301819063e+16
HB-53 E_drag 0.99c full d: 1.3702626714214504e+17
HB-54 E_drag 0.99c kg: 1.5246228381652578
HB-55 E_drag cap full d: 1.3806380775843897e+19
HB-56 E_drag cap kg: 153.61670344140313
HB-61 eps for 1 W/m^2 at cap: 3.5552891360760346e-09
V12 min m_eff brake holds (kg): 0.03210528114872499

OK: design digits reproduced; float64 within 1e-13 of 50-digit references
