# photopicRadiance (cd/m^2): fit+Simpson | CIE 1931 5nm | fit/CIE - 1
T=  2041.4  598201.3461809601        596454.9770051702        +2.928e-03
T=  2856.0  19784364.704283137       19749745.771347255       +1.753e-03
T=  3853.7  198415938.92835936       198202243.87947527       +1.078e-03
T=3853.730994033574  198426544.37850556       198212840.9072911        +1.078e-03
T=  5772.0  1844561011.0530434       1843710830.4403253       +4.611e-04
T=  1926.9  290818.89064946724       289890.01741253363       +3.204e-03
T=   798.0  0.007605304271088557     0.007528212138684851     +1.024e-02
T=   38.44  5.851109761771097e-197   4.015665331157014e-194   -9.985e-01
T=2.725 photopic radiance: 0.0 (exp(-c2/(830 nm T)) = 10^-2763)

# CMB seen temperature (K), Decimal
cmb ahead 0.99c                              38.440855544590
cmb rest-frame 90deg 0.99c (gamma T0)        19.317012836477
cmb seen 90deg 0.99c (T0 / gamma)            0.384408555446
cmb seen at 1/gamma rad 0.99c                19.381121086005
1/gamma 0.99c (deg)                          8.082564343402
cmb ahead 1-beta=1e-6                        3853.730994033574
cmb rest-frame 90deg 1-beta=1e-6 (gamma T0)  1926.866460450017
cmb seen 90deg 1-beta=1e-6 (T0 / gamma)      0.003853730994
cmb seen at 1/gamma rad 1-beta=1e-6          1926.867102770845
1/gamma 1-beta=1e-6 (deg)                    0.081028448197

# Surface brightness (cd/m^2)
mu=22.0   0.0001725242969719464
mu=21.83  0.00020176706024482334
mu=18.0   0.00686831597192331
mu=0.0    108855.47227573219

# Crumey (2014) point threshold, F = 1 (lux)
B=0.0        dI=1.1495286872003704e-09
B=1e-06      dI=1.1495286872003704e-09
B=1e-05      dI=1.1495286872003704e-09
B=0.0002     dI=4.276147913741731e-09
B=0.001      dI=7.90695212657801e-09
B=0.01       dI=1.4664280401227265e-08
B=0.0708     dI=1.2191731694248744e-08
B=0.070801   dI=1.2204955782322345e-08
B=1.0        dI=6.19362769e-08
B=100.0      dI=1.6308710090207247e-06
B=10000.0    dI=7.990572099999998e-05
m0(2e-4) Crumey zero point: 6.934452493489795; F=2: 6.181877504329842; package zero point: 6.942368201939953
zeta = dI(1e-5) = 1.1495286872003704e-09  (Crumey: 1.150e-9 lx)

# 0.5.2 Crumey transition and the scotopic dip (lux; mag at F = 2, package zero point)
B=0.0218     dI=1.563240072068315e-08
B=0.03       dI=1.541960819894505e-08
B=0.05       dI=1.4020631307385367e-08
B=0.1        dI=1.495996281813798e-08
B=0.11       dI=1.5830669039814157e-08
scotopic peak B* = (-r1/2r2)^4 = 0.021836470372404465, dI(B*) = 1.563240617820755e-08
photopic branch regains dI(B*) at B = 0.10769167938508532
dip dI(0.0708) / dI(B*) = 0.779901158866042
limitingMagnitude(0.0218, 2) = 4.782360812803937
limitingMagnitude(0.05, 2) = 4.900506088186209
limitingMagnitude(0.0708, 2) = 5.052261519590857
limitingMagnitude(0.1, 2) = 4.830098725531233

# 0.5.2 photopicRadiance at absurd temperatures (cd/m^2), fit+Simpson
T=1000000000.0 6495477570012196.0
T=1000000000000000.0 6.495563445777266e+21
T=1e+20        6.495563445863106e+26
T=1e+24        6.495563445863112e+30
T=1e+25        6.495563445863114e+31
T=1.416784e+32 9.202810361083741e+38
Rayleigh-Jeans: radiance(1e25) / radiance(1e24) = 10.000000000000004

# teffFromBV, 86 rows O3V..M9V (B-V -0.33..2.17)
Sun                        B-V 0.65   -> 5770.0               lit 5772.0 (-0.03%)  [Mamajek G2V; IAU 2015 B3]
Sirius A                   B-V 0.009  -> 9597.142857142857    lit 9940.0 (-3.45%)  [Hipparcos; 0.2.0 test row]
alpha Cen B                B-V 0.9    -> 5059.245283018868    lit 5260.0 (-3.82%)  [Hipparcos; Kervella et al. 2003, A&A 404, 1087]
Barnard's                  B-V 1.729  -> 3096.0714285714284   lit 3224.0 (-3.97%)  [Koen et al. 2010 (B 11.24, V 9.511); Boyajian et al. 2012, ApJ 757, 112 (interferometric)]
Proxima                    B-V 1.82   -> 3063.5714285714284   lit 3054.0 (+0.31%)  [Jao et al. 2014 (B 12.95, V 11.13); Boyajian et al. 2012, ApJ 757, 112]
Proxima (Boyajian phot.)   B-V 1.97   -> 2878.5714285714284   lit 3054.0 (-5.74%)  [Boyajian 2012 Table 3 (B 13.02, V 11.05); Boyajian et al. 2012]
B-V -1.0: 44900.0
B-V 0.0175: 9500.0
B-V 1.5: 3590.0
B-V 3.0: 2380.0

OK: every reference row matches its published value
