→ Running tests in packages/social-dynamics/indicators_test.ail

Test Results
Module: All Tests

Tests:
  ✓ valid bounded configuration initializes (69.753666ms)
      at packages/social-dynamics/indicators_test.ail:20:1
  ✓ duplicate actor refuses (64.192583ms)
      at packages/social-dynamics/indicators_test.ail:21:1
  ✓ nonconserved initial resources refuse (63.525042ms)
      at packages/social-dynamics/indicators_test.ail:22:1
  ✓ unknown initial knowledge refuses (63.402375ms)
      at packages/social-dynamics/indicators_test.ail:23:1
  ✓ invalid range refuses (63.745416ms)
      at packages/social-dynamics/indicators_test.ail:24:1
  ✓ invalid recipe resource and duration refuse (65.222333ms)
      at packages/social-dynamics/indicators_test.ail:25:1
  ✓ valid directed effect changes only its source (66.358417ms)
      at packages/social-dynamics/indicators_test.ail:26:1
  ✓ effects cannot clamp into valid bounds (64.980125ms)
      at packages/social-dynamics/indicators_test.ail:27:1
  ✓ late effect failure returns only error (64.208709ms)
      at packages/social-dynamics/indicators_test.ail:28:1
  ✓ numeric overflow rejected (63.399167ms)
      at packages/social-dynamics/indicators_test.ail:29:1
  ✓ actor duplicate indicators refuse (66.23975ms)
      at packages/social-dynamics/indicators_test.ail:30:1
  ✓ bad threshold recovery band refuses (64.016792ms)
      at packages/social-dynamics/indicators_test.ail:31:1
  ✓ host evidence and explicit knowledge allowed (65.315333ms)
      at packages/social-dynamics/indicators_test.ail:32:1
  ✓ actor and config category caps refuse overflow (63.217083ms)
      at packages/social-dynamics/indicators_test.ail:33:1
  ✓ atomic effect sequence does not manufacture a relationship (64.332ms)
      at packages/social-dynamics/indicators_test.ail:34:1
  ✓ effect batch cap refuses even individually valid effects (68.457666ms)
      at packages/social-dynamics/indicators_test.ail:35:1
  ✓ initial reservations must belong to tasks and no initial tasks exist (63.210084ms)
      at packages/social-dynamics/indicators_test.ail:36:1
  ✓ causal cycles in initial evidence refuse (65.726334ms)
      at packages/social-dynamics/indicators_test.ail:37:1
  ✓ acyclic evidence references accept independent of input order (65.253583ms)
      at packages/social-dynamics/indicators_test.ail:38:1
  ✓ same ID cap mutation refuses on initialized state (67.651792ms)
      at packages/social-dynamics/indicators_test.ail:39:1
  ✓ same ID recipe mutation refuses on initialized state (67.302709ms)
      at packages/social-dynamics/indicators_test.ail:40:1
  ✗ public effects refuse every pending advance input (66.467375ms)
      expected true, got false
      at packages/social-dynamics/indicators_test.ail:41:1

──────────────────────────────────────────────────
✗ Some tests failed

22 tests: 21 passed, 1 failed, 0 skipped (1.435978334s)
  ✓ Passed: 21
  ✗ Failed: 1

Seed:
  mode: derived
  master seed: 0
  derivation: ailang-property-seed-v1
  replay: ailang test --seed 0 packages/social-dynamics/indicators_test.ail

