Resolving dependencies in /private/tmp/stapledon-crew-lab-20261009/packages/social-dynamics
⚠ No dependencies to resolve
✓ Generated ailang.lock (0 packages)
Resolving dependencies in /private/tmp/stapledon-crew-lab-20261009/examples/social-dynamics
✓ Generated ailang.lock (1 packages)
  → sunholo/social_dynamics@0.1.0 (path: ../../packages/social-dynamics)
→ Checking package sunholo/social_dynamics (8 exported modules)...

  ✓ _smoke.ail
  ✓ conditions.ail
  ✓ conditions_test.ail
  ✓ engine.ail
  ✓ engine_test.ail
  ✓ indicators.ail
  ✓ indicators_test.ail
  ✓ model.ail
  ✓ proposals.ail
  ✓ proposals_test.ail
  ✓ relationships.ail
  ✓ relationships_test.ail
  ✓ tasks.ail
  ✓ tasks_test.ail
  ✓ wire.ail
  ✓ wire_test.ail

  ! module "sunholo/social_dynamics/wire_test" compiled but not listed in [exports].modules
  ! module "sunholo/social_dynamics/engine_test" compiled but not listed in [exports].modules
  ! module "sunholo/social_dynamics/tasks_test" compiled but not listed in [exports].modules
  ! module "sunholo/social_dynamics/indicators_test" compiled but not listed in [exports].modules
  ! module "sunholo/social_dynamics/proposals_test" compiled but not listed in [exports].modules
  ! module "sunholo/social_dynamics/relationships_test" compiled but not listed in [exports].modules
  ! module "sunholo/social_dynamics/_smoke" compiled but not listed in [exports].modules
  ! module "sunholo/social_dynamics/conditions_test" compiled but not listed in [exports].modules

✓ 16 files checked, all passed!
→ Package sunholo/social_dynamics
  9 source modules, 7 test files


[1mTest Results[0m
Module: sunholo/social_dynamics

[1mTests:[0m
  [32m✓[0m entry requires duration and does not refire while active (110.0465ms)
      at [2mconditions_test.ail:35:1[0m
  [32m✓[0m cancelled threshold duration starts over (120.724709ms)
      at [2mconditions_test.ail:45:1[0m
  [32m✓[0m recovery hysteresis and cooldown (152.120292ms)
      at [2mconditions_test.ail:64:1[0m
  [32m✓[0m continuation preserves sequence and rejects conflicting inputs (121.112833ms)
      at [2mconditions_test.ail:89:1[0m
  [32m✓[0m wrong continuation token cannot change pending state (112.285875ms)
      at [2mconditions_test.ail:112:1[0m
  [32m✓[0m condition clock partition matches unsplit advance (109.216208ms)
      at [2mconditions_test.ail:129:1[0m
  [32m✓[0m recovery cannot execute until next scheduler tick (127.468959ms)
      at [2mconditions_test.ail:144:1[0m
  [32m✓[0m condition mutators reject changed config and pending continuation (112.824875ms)
      at [2mconditions_test.ail:159:1[0m
  [32m✓[0m reserving and completing conserves inventory (134.923833ms)
      at [2mengine_test.ail:34:1[0m
  [32m✓[0m capacity prevents aggregate work allocation (113.01575ms)
      at [2mengine_test.ail:47:1[0m
  [32m✓[0m advance partition produces identical state and events (121.537708ms)
      at [2mengine_test.ail:54:1[0m
  [32m✓[0m rewind and bad budgets preserve state (116.588375ms)
      at [2mengine_test.ail:67:1[0m
  [32m✓[0m completion failure leaves tick and reservation unchanged (120.688959ms)
      at [2mengine_test.ail:77:1[0m
  [32m✓[0m simultaneous completion precedes and cancels condition entry (128.349834ms)
      at [2mengine_test.ail:82:1[0m
  [32m✓[0m task boundaries at same tick sort by stable id (130.207208ms)
      at [2mengine_test.ail:99:1[0m
  [32m✓[0m same config id cannot hide a changed frozen config (110.166333ms)
      at [2mengine_test.ail:113:1[0m
  [32m✓[0m progress overflow blocks completion without consuming reservation (123.966875ms)
      at [2mengine_test.ail:115:1[0m
  [32m✓[0m completion evidence can be explicitly delivered later (119.581417ms)
      at [2mengine_test.ail:117:1[0m
  [32m✓[0m completion evidence capacity failure leaves whole boundary unchanged (131.488458ms)
      at [2mengine_test.ail:118:1[0m
  [32m✓[0m completion evidence id collision blocks atomically (112.000792ms)
      at [2mengine_test.ail:119:1[0m
  [32m✓[0m valid bounded configuration initializes (61.541791ms)
      at [2mindicators_test.ail:20:1[0m
  [32m✓[0m duplicate actor refuses (63.417166ms)
      at [2mindicators_test.ail:21:1[0m
  [32m✓[0m nonconserved initial resources refuse (61.40575ms)
      at [2mindicators_test.ail:22:1[0m
  [32m✓[0m unknown initial knowledge refuses (62.543875ms)
      at [2mindicators_test.ail:23:1[0m
  [32m✓[0m invalid range refuses (62.922208ms)
      at [2mindicators_test.ail:24:1[0m
  [32m✓[0m invalid recipe resource and duration refuse (63.735375ms)
      at [2mindicators_test.ail:25:1[0m
  [32m✓[0m valid directed effect changes only its source (65.331042ms)
      at [2mindicators_test.ail:26:1[0m
  [32m✓[0m effects cannot clamp into valid bounds (63.779167ms)
      at [2mindicators_test.ail:27:1[0m
  [32m✓[0m late effect failure returns only error (62.627792ms)
      at [2mindicators_test.ail:28:1[0m
  [32m✓[0m numeric overflow rejected (62.713208ms)
      at [2mindicators_test.ail:29:1[0m
  [32m✓[0m actor duplicate indicators refuse (67.435417ms)
      at [2mindicators_test.ail:30:1[0m
  [32m✓[0m bad threshold recovery band refuses (62.907958ms)
      at [2mindicators_test.ail:31:1[0m
  [32m✓[0m host evidence and explicit knowledge allowed (64.9175ms)
      at [2mindicators_test.ail:32:1[0m
  [32m✓[0m actor and config category caps refuse overflow (61.717334ms)
      at [2mindicators_test.ail:33:1[0m
  [32m✓[0m atomic effect sequence does not manufacture a relationship (62.097708ms)
      at [2mindicators_test.ail:34:1[0m
  [32m✓[0m effect batch cap refuses even individually valid effects (65.882542ms)
      at [2mindicators_test.ail:35:1[0m
  [32m✓[0m initial reservations must belong to tasks and no initial tasks exist (61.954375ms)
      at [2mindicators_test.ail:36:1[0m
  [32m✓[0m causal cycles in initial evidence refuse (63.558916ms)
      at [2mindicators_test.ail:37:1[0m
  [32m✓[0m acyclic evidence references accept independent of input order (64.457ms)
      at [2mindicators_test.ail:38:1[0m
  [32m✓[0m same ID cap mutation refuses on initialized state (63.69ms)
      at [2mindicators_test.ail:39:1[0m
  [32m✓[0m same ID recipe mutation refuses on initialized state (63.501042ms)
      at [2mindicators_test.ail:40:1[0m
  [32m✓[0m public effects refuse every pending advance input (65.242ms)
      at [2mindicators_test.ail:41:1[0m
  [32m✓[0m author creates offer and knowledge without reaction or reservation (143.33825ms)
      at [2mproposals_test.ail:29:1[0m
  [32m✓[0m last invalid operation rolls back entire proposal (127.58825ms)
      at [2mproposals_test.ail:36:1[0m
  [32m✓[0m exact retry beats stale revision and expiry; altered duplicate refused (146.674375ms)
      at [2mproposals_test.ail:41:1[0m
  [32m✓[0m AI cannot accept or spoof actor source (128.552291ms)
      at [2mproposals_test.ail:56:1[0m
  [32m✓[0m stale input and full ledger refuse new IDs (143.465833ms)
      at [2mproposals_test.ail:64:1[0m
  [32m✓[0m commitments require each party consent without implicit reward (162.519917ms)
      at [2mproposals_test.ail:81:1[0m
  [32m✓[0m aggregate accept cost overcommit rolls back first reservation and events (148.809875ms)
      at [2mproposals_test.ail:93:1[0m
  [32m✓[0m stale nonduplicate and changed same-id configuration refuse (131.430625ms)
      at [2mproposals_test.ail:104:1[0m
  [32m✓[0m unseen causes cannot be laundered by authorship (121.550583ms)
      at [2mproposals_test.ail:114:1[0m
  [32m✓[0m pending scheduler blocks even exact retries until host continues or aborts (132.910458ms)
      at [2mproposals_test.ail:122:1[0m
  [32m✓[0m generated content cannot claim reserved outcome evidence namespace (119.634208ms)
      at [2mproposals_test.ail:135:1[0m
  [32m✓[0m unseen evidence cannot enter appraisal (87.031208ms)
      at [2mrelationships_test.ail:26:1[0m
  [32m✓[0m context shows own outgoing relationship only (90.11575ms)
      at [2mrelationships_test.ail:27:1[0m
  [32m✓[0m delivery needs trusted host (87.885959ms)
      at [2mrelationships_test.ail:28:1[0m
  [32m✓[0m early delivery refuses (87.442ms)
      at [2mrelationships_test.ail:29:1[0m
  [32m✓[0m self known delivery has no reaction or revision (96.374958ms)
      at [2mrelationships_test.ail:30:1[0m
  [32m✓[0m received observation grants once with asymmetric reaction (108.802291ms)
      at [2mrelationships_test.ail:31:1[0m
  [32m✓[0m policy cannot modify another actor (87.975125ms)
      at [2mrelationships_test.ail:32:1[0m
  [32m✓[0m policy invalid second effect rolls back whole delivery (86.713083ms)
      at [2mrelationships_test.ail:33:1[0m
  [32m✓[0m knowledge cap refuses grant but known self still no op (104.595833ms)
      at [2mrelationships_test.ail:34:1[0m
  [32m✓[0m pending advance refuses input (88.8835ms)
      at [2mrelationships_test.ail:35:1[0m
  [32m✓[0m forged outgoing relationship source refuses (88.713209ms)
      at [2mrelationships_test.ail:36:1[0m
  [32m✓[0m private evidence contents stay outside context (90.961583ms)
      at [2mrelationships_test.ail:37:1[0m
  [32m✓[0m altered reused delivery ID refuses (94.078459ms)
      at [2mrelationships_test.ail:38:1[0m
  [32m✓[0m full accepted ledger preserves exact delivery retry (101.816625ms)
      at [2mrelationships_test.ail:39:1[0m
  [32m✓[0m policy identity mismatch refuses (86.031625ms)
      at [2mrelationships_test.ail:40:1[0m
  [32m✓[0m known self delivery still validates receipt gate (90.225083ms)
      at [2mrelationships_test.ail:41:1[0m
  [32m✓[0m own indicator policy can replace relationship policy (101.341833ms)
      at [2mrelationships_test.ail:42:1[0m
  [32m✓[0m same ID indicator range mutation refuses delivery before duplicate (93.2335ms)
      at [2mrelationships_test.ail:43:1[0m
  [32m✓[0m conditional authority verifies all requirements (111.106292ms)
      at [2mtasks_test.ail:33:1[0m
  [32m✓[0m policy refusal prevents acceptance (100.386208ms)
      at [2mtasks_test.ail:45:1[0m
  [32m✓[0m materials remain aggregated across accepted assignments (106.581291ms)
      at [2mtasks_test.ail:52:1[0m
  [32m✓[0m relief cancellation returns reservation exactly once (109.614708ms)
      at [2mtasks_test.ail:60:1[0m
  [32m✓[0m declining relief keeps active reservation (102.273625ms)
      at [2mtasks_test.ail:74:1[0m
  [32m✓[0m duration overflow does not reserve anything (99.063209ms)
      at [2mtasks_test.ail:82:1[0m
  [32m✓[0m assignment supervisor comes from authenticated accepting principal (101.278ms)
      at [2mtasks_test.ail:89:1[0m
  [32m✓[0m project progress caps at completion and freezes at cancellation (119.452459ms)
      at [2mtasks_test.ail:99:1[0m
  [32m✓[0m all task mutators reject changed config and pending continuation (140.019375ms)
      at [2mtasks_test.ail:101:1[0m
  [32m✓[0m unknown principal or changed policy ids never accept (105.972625ms)
      at [2mtasks_test.ail:102:1[0m
  [32m✓[0m exact proposal golden (52.41275ms)
      at [2mwire_test.ail:9:1[0m
  [32m✓[0m malformed rejects (50.05025ms)
      at [2mwire_test.ail:10:1[0m
  [32m✓[0m duplicate fields reject (48.449167ms)
      at [2mwire_test.ail:11:1[0m
  [32m✓[0m all seven operation variants roundtrip (59.381542ms)
      at [2mwire_test.ail:15:1[0m
  [32m✓[0m full otherwise valid duplicate schema rejects (50.628875ms)
      at [2mwire_test.ail:16:1[0m
  [32m✓[0m unknown field rejects (55.304083ms)
      at [2mwire_test.ail:17:1[0m
  [32m✓[0m fractional and huge integers reject (54.306458ms)
      at [2mwire_test.ail:18:1[0m
  [32m✓[0m duplicate IDs reject (50.695167ms)
      at [2mwire_test.ail:19:1[0m
  [32m✓[0m wrong operation variant rejects (50.502041ms)
      at [2mwire_test.ail:20:1[0m
  [32m✓[0m wrong field types reject (53.984458ms)
      at [2mwire_test.ail:21:1[0m
  [32m✓[0m unsupported version typed error (51.288542ms)
      at [2mwire_test.ail:22:1[0m
  [32m✓[0m operation object repeated and unknown fields reject (53.061417ms)
      at [2mwire_test.ail:23:1[0m
  [32m✓[0m oversized raw input rejects before parse (51.346625ms)
      at [2mwire_test.ail:24:1[0m
  [32m✓[0m text size and ID limits (64.783292ms)
      at [2mwire_test.ail:25:1[0m
  [32m✓[0m canonical set ordering retains operation order (51.349666ms)
      at [2mwire_test.ail:26:1[0m
  [32m✓[0m event golden (55.020916ms)
      at [2mwire_test.ail:27:1[0m
  [32m✓[0m typed error golden (49.421958ms)
      at [2mwire_test.ail:28:1[0m
  [32m✓[0m state serializes pending work knowledge dedup and continuation (52.794291ms)
      at [2mwire_test.ail:30:1[0m
  [32m✓[0m wrong relief boolean and commitment due reject (53.329292ms)
      at [2mwire_test.ail:31:1[0m
  [32m✓[0m operation count boundary enforced (59.841833ms)
      at [2mwire_test.ail:32:1[0m
  [32m✓[0m empty operations rejects (50.487958ms)
      at [2mwire_test.ail:33:1[0m
  [32m✓[0m actor input source roundtrip and integer endpoints (51.982292ms)
      at [2mwire_test.ail:34:1[0m
  [32m✓[0m trailing JSON garbage rejected (51.955083ms)
      at [2mwire_test.ail:35:1[0m
  [32m✓[0m config collections deterministic (53.988375ms)
      at [2mwire_test.ail:37:1[0m
  [32m✓[0m config policy limits and mechanics change identity (62.870958ms)
      at [2mwire_test.ail:38:1[0m
  [32m✓[0m state carries immutable config identity (52.726417ms)
      at [2mwire_test.ail:39:1[0m
  [32m✓[0m single object syntax and trailing guard (50.549458ms)
      at [2mwire_test.ail:40:1[0m
  [32m✓[0m observation event keeps evidence and observer arguments (51.105208ms)
      at [2mwire_test.ail:41:1[0m
  [32m✓[0m task outcome evidence full golden (51.034875ms)
      at [2mwire_test.ail:42:1[0m

──────────────────────────────────────────────────
[32m✓[0m [1mAll tests passed![0m

110 tests: 110 passed, 0 failed, 0 skipped (9.644792287s)
  [32m✓ Passed:[0m 110
  [31m✗ Failed:[0m 0

[1mSeed:[0m
  mode: derived
  master seed: 0
  derivation: ailang-property-seed-v1
  replay: ailang test --seed 0 --package .

→ Running tests in model.ail
WARNING MOD010 (relaxed): module 'sunholo/social_dynamics/model' does not match canonical path 'model'
  Running under --relax-modules; mismatch ignored. For strict checking, omit --relax-modules flag.

[1mTest Results[0m
Module: All Tests

[1mTests:[0m
  [32m✓[0m bounded arithmetic rejects overflow (28.616958ms)
      at [2mmodel.ail:61:1[0m
  [32m✓[0m ids and duplicate sets (26.705625ms)
      at [2mmodel.ail:62:1[0m

[1mProperties:[0m
  [32m✓[0m numericLimit_property_1 (100 cases, 36.720334ms)
      at [2mmodel.ail:45:50[0m
  [32m✓[0m bounded_property_1 (100 cases, 23.448291ms)
      at [2mmodel.ail:46:52[0m
  [32m✓[0m validId_property_1 (100 cases, 22.988917ms)
      at [2mmodel.ail:47:56[0m
  [32m✓[0m unique_property_1 (100 cases, 25.660542ms)
      at [2mmodel.ail:48:58[0m
  [32m✓[0m sorted_property_1 (100 cases, 122.498084ms)
      at [2mmodel.ail:49:62[0m
  [32m✓[0m principalId_property_1 (100 cases, 21.707125ms)
      at [2mmodel.ail:50:64[0m
  [32m✓[0m add_property_1 (100 cases, 25.526083ms)
      at [2mmodel.ail:51:70[0m
  [32m✓[0m multiply_property_1 (100 cases, 22.208083ms)
      at [2mmodel.ail:53:75[0m
  [33m⊘[0m event_property_1 (12.871125ms)
      [33mno generator for parameter s: State[0m
      at [2mmodel.ail:56:88[0m
  [33m⊘[0m emptyState_property_1 (13.963791ms)
      [33mno generator for parameter c: Config[0m
      at [2mmodel.ail:58:99[0m

──────────────────────────────────────────────────
[31m✗[0m [1m2 properties never ran (no generator) — use --allow-skips to permit[0m

12 tests: 10 passed, 0 failed, 2 skipped (382.914958ms)
  [32m✓ Passed:[0m 10
  [31m✗ Failed:[0m 0
  [33m⊘ Skipped:[0m 2

[1mSeed:[0m
  mode: derived
  master seed: 0
  derivation: ailang-property-seed-v1
  replay: ailang test --seed 0 model.ail

→ Running tests in _smoke.ail
WARNING MOD010 (relaxed): module 'sunholo/social_dynamics/_smoke' does not match canonical path '_smoke'
  Running under --relax-modules; mismatch ignored. For strict checking, omit --relax-modules flag.

[1mTest Results[0m
Module: All Tests

[1mTests:[0m
  [32m✓[0m smoke scalar overflow boundary (35.24175ms)
      at [2m_smoke.ail:9:1[0m

[1mProperties:[0m
  [32m✓[0m smokeChecks_property_1 (100 cases, 52.661834ms)
      at [2m_smoke.ail:6:50[0m

──────────────────────────────────────────────────
[32m✓[0m [1mAll tests passed![0m

2 tests: 2 passed, 0 failed, 0 skipped (87.903584ms)
  [32m✓ Passed:[0m 2
  [31m✗ Failed:[0m 0

[1mSeed:[0m
  mode: derived
  master seed: 0
  derivation: ailang-property-seed-v1
  replay: ailang test --seed 0 _smoke.ail

OK social dynamics invariants
→ Checking package sunholo/social_experiments (2 exported modules)...

  ✓ config.ail
  ✓ main.ail
  ✓ session.ail
  ✓ session_test.ail

  ! module "sunholo/social_experiments/main" compiled but not listed in [exports].modules
  ! module "sunholo/social_experiments/session_test" compiled but not listed in [exports].modules

✓ 4 files checked, all passed!
→ Package sunholo/social_experiments
  3 source modules, 1 test files


[1mTest Results[0m
Module: sunholo/social_experiments

[1mTests:[0m
  [32m✓[0m separate consumer sees contrasting ship tradeoffs (243.574708ms)
      at [2msession_test.ail:25:1[0m
  [32m✓[0m community imports same pure public API without human attributes (219.821833ms)
      at [2msession_test.ail:26:1[0m
  [32m✓[0m runner requires explicit valid start and strict framing (215.881958ms)
      at [2msession_test.ail:29:1[0m
  [32m✓[0m runner refuses fractional time and unknown command fields (240.306083ms)
      at [2msession_test.ail:30:1[0m
  [32m✓[0m recorder proposal input uses external exported codec and engine (317.701ms)
      at [2msession_test.ail:35:1[0m
  [32m✓[0m outer source cannot be forged by changing generated proposal origin (253.075792ms)
      at [2msession_test.ail:44:1[0m
  [32m✓[0m pure recording rejects missing start (213.708792ms)
      at [2msession_test.ail:52:1[0m
  [32m✓[0m blocked recorder preserves earlier completion state and events (301.583333ms)
      at [2msession_test.ail:54:1[0m

──────────────────────────────────────────────────
[32m✓[0m [1mAll tests passed![0m

8 tests: 8 passed, 0 failed, 0 skipped (2.005653499s)
  [32m✓ Passed:[0m 8
  [31m✗ Failed:[0m 0

[1mSeed:[0m
  mode: derived
  master seed: 0
  derivation: ailang-property-seed-v1
  replay: ailang test --seed 0 --package .

→ Running tests in config.ail
WARNING MOD010 (relaxed): module 'sunholo/social_experiments/config' does not match canonical path 'config'
  Running under --relax-modules; mismatch ignored. For strict checking, omit --relax-modules flag.

[1mTest Results[0m
Module: All Tests

[1mTests:[0m
  [32m✓[0m unknown scenario and policy refused (81.779375ms)
      at [2mconfig.ail:46:1[0m

[1mProperties:[0m
  [32m✓[0m config_property_1 (100 cases, 93.338625ms)
      at [2mconfig.ail:7:11[0m
  [32m✓[0m actors_property_1 (100 cases, 36.09975ms)
      at [2mconfig.ail:28:64[0m
  [32m✓[0m resources_property_1 (100 cases, 36.448667ms)
      at [2mconfig.ail:35:54[0m
  [32m✓[0m policies_property_1 (100 cases, 35.890917ms)
      at [2mconfig.ail:44:65[0m

──────────────────────────────────────────────────
[32m✓[0m [1mAll tests passed![0m

5 tests: 5 passed, 0 failed, 0 skipped (283.557334ms)
  [32m✓ Passed:[0m 5
  [31m✗ Failed:[0m 0

[1mSeed:[0m
  mode: derived
  master seed: 0
  derivation: ailang-property-seed-v1
  replay: ailang test --seed 0 config.ail

{
  "id": "resident",
  "indicators": [
    {
      "id": "fatigue",
      "value": 45
    },
    {
      "id": "observations",
      "value": 15
    },
    {
      "id": "readiness",
      "value": 50
    },
    {
      "id": "trust",
      "value": 50
    }
  ]
}
Five contrasting outcomes, resource conservation and repeated delivery checks pass
✓ Lock: /private/tmp/stapledon-crew-lab-20261009/examples/social-dynamics/ailang.lock (existing, 1 packages)
✓ bin: social-lab → /var/folders/kr/h0wr2sj94vd6ljtmsxv8jkt00000gn/T/social-cli.6lc5bN/bin/social-lab  (sunholo/social_experiments@0.1.0, module main, entry main, caps IO)
⚠ /var/folders/kr/h0wr2sj94vd6ljtmsxv8jkt00000gn/T/social-cli.6lc5bN/bin is not on your PATH. Add:  export PATH="/var/folders/kr/h0wr2sj94vd6ljtmsxv8jkt00000gn/T/social-cli.6lc5bN/bin:$PATH"
CLI install: five traces identical from unrelated cwd; malformed command exits 1
Five interpreter/strict-VM traces identical
Five recordings replay identically; IO capability only
→ quality sunholo/social_dynamics@0.1.0 (experimental)
  compile:   ✓ 16 files
  contracts: ✓ 5/40 verified, 0 refuted, 0 uncontracted exports (0.5s)
  interface: ✓ v2 392a04447fe4… (131 signatures)
  effects:   max [IO]  rank_max IO  ceiling_declared true
  release:   kind feature  changelog_section true
  docs:      AGENT.md true  ai_summary true
  style:     38 exported funcs, 38 pure (100%)
  tests:     [attested] 7 files, 110 passed, 0 failed
  smoke:     [attested] present true passed true

  · PUB016 32 contract(s) skipped by Z3 (unencodable types or builtins) — not proved; `ailang verify --package .` lists the reason per function
  · PUB023 registry export-overlap check did not run: failed to fetch registry index: Get "https://storage.googleapis.com/ailang-registry/index.json?t=1791552051": dial tcp: lookup storage.googleapis.com: no such host

✓ no gates
Publishing sunholo/social_dynamics@0.1.0...
→ quality sunholo/social_dynamics@0.1.0 (experimental)
  compile:   ✓ 16 files
  contracts: ✓ 5/40 verified, 0 refuted, 0 uncontracted exports (0.5s)
  interface: ✓ v2 392a04447fe4… (131 signatures)
  effects:   max [IO]  rank_max IO  ceiling_declared true
  release:   kind feature  changelog_section true
  docs:      AGENT.md true  ai_summary true
  style:     38 exported funcs, 38 pure (100%)
  tests:     [attested] 7 files, 110 passed, 0 failed
  smoke:     [attested] present true passed true

  · PUB016 32 contract(s) skipped by Z3 (unencodable types or builtins) — not proved; `ailang verify --package .` lists the reason per function
  · PUB023 registry export-overlap check did not run: failed to fetch registry index: Get "https://storage.googleapis.com/ailang-registry/index.json?t=1791552064": dial tcp: lookup storage.googleapis.com: no such host

✓ no gates

  Tarball: 31611 bytes (sha256:d02fdab0d52a439bb...)
  Content hash: sha256:a29fb3b926162f5a0...
  Interface hash: sha256:c9c965c3763a7f241...
  Exports: [sunholo/social_dynamics/model sunholo/social_dynamics/indicators sunholo/social_dynamics/relationships sunholo/social_dynamics/tasks sunholo/social_dynamics/conditions sunholo/social_dynamics/engine sunholo/social_dynamics/proposals sunholo/social_dynamics/wire]
  Effects: [IO]

⚠ Dry run complete. Tarball ready but not uploaded.
