→ Running tests in journey_flow.ail
WARNING MOD010 (relaxed): module 'sunholo/crew_lab/journey_flow' does not match canonical path 'journey_flow'
  Running under --relax-modules; mismatch ignored. For strict checking, omit --relax-modules flag.

[1mTest Results[0m
Module: All Tests

[1mTests:[0m
  [32m✓[0m onboardingAllowed_test_1 (330.539541ms)
      at [2mjourney_flow.ail:62:5[0m
  [32m✓[0m onboardingAllowed_test_2 (308.7315ms)
      at [2mjourney_flow.ail:63:5[0m
  [32m✓[0m onboardingAllowed_test_3 (311.714875ms)
      at [2mjourney_flow.ail:64:5[0m
  [32m✓[0m onboardingAllowed_test_4 (311.96325ms)
      at [2mjourney_flow.ail:65:5[0m

[1mProperties:[0m
  [32m✓[0m initial_property_1 (100 cases, 175.296375ms)
      at [2mjourney_flow.ail:15:11[0m
  [33m⊘[0m navigation_property_1 (169.4325ms)
      [33mno generator for parameter s: PlayState[0m
      at [2mjourney_flow.ail:19:12[0m
  [33m⊘[0m navigation_property_2 (154.102333ms)
      [33mno generator for parameter s: PlayState[0m
      at [2mjourney_flow.ail:20:11[0m
  [32m✓[0m remember_property_1 (100 cases, 169.161834ms)
      at [2mjourney_flow.ail:29:11[0m
  [32m✓[0m styleDefault_property_1 (100 cases, 171.758917ms)
      at [2mjourney_flow.ail:50:11[0m
  [33m⊘[0m options_property_1 (1 cases, 154.762625ms)
      accepted 1, discarded 0, generated 1
      [33mrequires not satisfied by random input (consider tighter generators): args=[BvXkF69zfu7iM88jy, 11PEKKZuIThv3TkhaAiKqLlc8AlQWNimVU9DmAFUt5Nzaxf0p8bC, Ltxk8leeA0k4vh0UXDZg0mVoU5GdDgNJYCC53apymum4kLMUu44bcaLnhYNFNfc6WCndGy7WZ6mwPGRz2, dQcycs7Z7oFY20DdO2QENUNtLN9OIDSwnrbKpmnWgW3tE6cKBqCU3cbdxLdciPeA3CFF3B5sJt7Qmi, d7MHQfoQo, ecXL87vK1yZGW9qc3IFxwyM, DI8oEeZxlouOxzF1QAeIA6gIb3QIKFhcAnYLmVSukDvsDt2e6dJfF97uWq, y, N1UE5l8f6Aer4yLuHh9GUH9Uft4bmzQGv4RwOpDRBEvloEL8V3HG0mKfMIV, GHrNaENCfCJP1TeKLxuK2ZuMNEWT0RlwoX8R, NIOXptOafY3aYZrdPJfzJYqyGUzgj27mM70ZjTYp19Zi5DGUYtNFOlcxQyun7Q, CWMLytkRC5KE4SiRloIriFAF, ejtiqk9m0bZ9QqP5Iifuy6kFJmOjncRiebfPuhPKuYTFHmTYMj0qk5L5LozdRQay8hAecaCEa0Opz1MnkORw, DpiBi0gEaLFrmoW0w8z1efgRDigpjUQQ9ptNAzD9im2HDVtWVmkW17PF8onZsDB7TSgTW, fFA, UP7cKcd41q9sVRIkKbLHBdHWjlSyZGEbHFiqaLyLSFLCdN5a, Jz39T4m2eOa0zuYK0uK5j1n960XaBBa9JaeY5x, PFAP9BMiGzidsUILVYgpUTpdWTRh5PR3tyidyn3DCbt9xWs6V50PyandTFOfhW9kfDU, nw8fav3f, DrhO3nUdi5vn, bilPb8Xf0oBTkZ2oclkRK22e3OYu9dB0CAGBoWDpIDkNhApPqcBpoDvwcOndk13mQ6fKpccnS3, Sa6lFLJlXeuK1lRScIxwW71ylwJb1USYVzMBDcW6hJ3O0HwOso4G3QuSJ, hFqcA, OSGHvb5ypv3PDHUCyemIOB46nTScsIDrWjqSi3o2XKTknhm2tfKmusi2gcKps4EWJ8MI, hYrX, 2Dqo6lhbg, A1C3YtdVcGtuHdIUiY1cWMA4ScjLydzaI0YXOlBvlitpDLazvLh, wMmWX, Y3Sxgy8uuIf2dBeQc11afhD6gSOgWeq9b9uv4axEHlvYkeJVfv4eIXaKV9fcSb308rwuleYl5VP, nUQRskQOeMI9TQUhUye7Yzr2G1KnRC3u1Hfp9vUFgC9N8hEVT3vnQ5J04tYYC0f7ANCaKn3tW0EO967iL8aJujX4TrsOuqzJU4, K6TxuLfuIqUoSTgYU7iQHJl7xeF, 8C6gpdvE6J7L8ULUcs9JZGSTIaiUmMUysr6v, cLlEKYgMgHwn4pAA3bFEyThDFWbn3K3YrbXkYhS8Rh1bL7pSfbc2TLWGd0QWkoZKmx6zvq4C98DCBb, uYlpps1YgUy8dYY2gsQCllzgavNtF3rOsEMjTf5d7Fj2FL74HfCFQfjgNN4RvPn, UBdFKwrg3SIvFW5MnRy3GcA4w8o5yFpWiRMUoPHXudjrGhAQSxdIzwkseIAXrmIAoon, rYCTNr0twl9gowKZnf2n1VuYdM6DYQBxODnxG48tAcJGder29oja7cAtiCDeGot, VQ3epCnJ6Dnh5lA9fc2Z5Utw3RkXZ7xa1Cm7k1GB5UODGcNf, MZzMHXDhR0r7kJzvy4eRoNi4VMiKIrVpNNB4Dh9k0MRQ98bIKjSBJADx458OhtNoZH1kOhoMJ063GxYzRDN, Z8SZAn7Mdvfcvx0Z2VJeGPVIFdTfLZLYhLqiij4esxqY1mEF8Wqc3lyFfM5fp4w8ECVPWsWxI7ScRXdSVUJdqFkWh5AUG2PNRZpo, e5eaIUkE52wB2g4xciYm2lJpEXu, A7case9pJMpZ9Bt8R3tbr5fb28Gr8p, z4pX0Wy0lBrKZclPUJGS2uBanVjdRvaav6gSddkrGwe7hEEjoL1aim, 9JbUk7Uf6QFt3VUy6PUi0OsizJA, fvhObQkluXJd28u2y1yAhpAVhNL6NKqyhZQGVWsJv2iBKmZZy0xVeo5p5, RX7BBghyWAyPAhuR5h8M0r09YTB5LtbmtI82jXz0tanycHcuXRUpfpv80S2jaCBkzoO1LnTDBlMPUWyQqp3FSxoudVF, TqGSGGwVaQkKyHq, l0AQINRird, qfEqN1dczEX8mo61RuLcrIgVXkIgOdaIpwvGrfTykR, dyOcHlfJyLkgT0kS6uWFulqfmyIhWaWOXnbz9cGKwrQMJcJB738tlRWOQMTUYkllJOBBKngtLQOWjaSqkqQikU8ocbIIm9tc5Q, 9O8FbTdqBXfljuw3XbduzIRqO6ZGdVd0D0Q4SoXU88C05v6J9lLX4eHEe1ziLHGYhT9Uzm43ebqTnuqgRw2wED93GMIkV], columns=-61, rows=-314, ansi=false[0m
      at [2mjourney_flow.ail:53:12[0m
  [33m⊘[0m options_property_2 (344.986625ms)
      accepted 0, discarded 1000, generated 1000
      [33munverified: requires filter accepted 0 of 1000 generated inputs; need 100 (1000 discarded)[0m
      at [2mjourney_flow.ail:54:11[0m
  [32m✓[0m onboardingAllowed_property_1 (100 cases, 189.318834ms)
      at [2mjourney_flow.ail:60:11[0m

──────────────────────────────────────────────────
[31m✗[0m [1m2 properties never ran (no generator) — use --allow-skips to permit[0m

12 tests: 8 passed, 0 failed, 4 skipped (2.791769209s)
  [32m✓ Passed:[0m 8
  [31m✗ Failed:[0m 0
  [33m⊘ Skipped:[0m 4

[1mSeed:[0m
  mode: derived
  master seed: 0
  derivation: ailang-property-seed-v1
  replay: ailang test --seed 0 journey_flow.ail

