PASS kepler newton8 residual e<=0.97: max 4.441e-16 at M=-2.979801 e=0.01
  E(0.01, 0.97) = 0.24969793896283743 (bisection 0.24969793896283754)
  E(1e-06, 0.97) = 3.3333333133744915e-05 (bisection 3.3333333133744915e-05)
  E(3.1, 0.97) = 3.1204788590608872 (bisection 3.1204788590608867)
  E(-0.5, 0.5) = -0.88786221157086609 (bisection -0.88786221157086609)
  E(2, 0.2) = 2.1656464943842568 (bisection 2.1656464943842568)
  JD 2000-01-01 = 2451544.5
PASS calendar 2000-01-01: 2451544.5
  JD 1987-01-27 = 2446822.5
PASS calendar 1987-01-27: 2446822.5
  JD 2023-11-03 = 2460251.5
  JD 2020-10-13 = 2459135.5
  JD 2009-08-11 = 2455054.5
  JD 2025-05-06 = 2460801.5
  JD 3001-01-01 = 2817152.5
PASS Jupiter opposition 2023-11-03 +-2 d: found JD 2460251.6626, ref 2460251.5, diff +0.163 d
PASS Mars opposition 2020-10-13 +-2 d: found JD 2459136.4128, ref 2459135.5, diff +0.913 d
PASS Saturn equinox 2009-08-11 +-10 d: found JD 2455053.1800, ref 2455054.5, diff -1.320 d
PASS Saturn equinox 2025-05-06 +-10 d: found JD 2460804.6508, ref 2460801.5, diff +3.151 d
  Jupiter obliquity (info) 3.11228 deg
PASS Earth obliquity 23.44 +-0.01: 23.43874 deg
PASS Saturn obliquity 26.73 +-0.01: 26.72677 deg
PASS mean-orbit flag at 3000 AD + 1 yr: JD 2817160.2
PASS no flag at J2000: 
  galactic centre -> l 0.00000 b 0.00001 (sanity: ~0, ~0)
  NEP ICRS ra 270.00000000 dec 66.56072056
  NEP galactic l 96.38398626 b 29.81143852
PASS Hipparcos matrix agrees with the angle-built frame at the NEP (1e-6 deg): matrix l 96.38398626 b 29.81143852
PASS NEP galactic vs published (96.38, 29.81) to 0.005 deg: 
PASS Moon distance in 356375..406720 km: min 363104.4 max 405695.8
PASS Moon apsidal period 3232.6 +-5 d: 3232.68 d
PASS Io sidereal period 1.769137786 +-1e-4 d: 1.7691371 d
  (prograde-apse reading would give 1.75637 d)
