→ Running tests in examples/crew-lab/session.ail
WARNING MOD010 (relaxed): module 'sunholo/crew_lab/session' does not match canonical path 'examples/crew-lab/session'
  Running under --relax-modules; mismatch ignored. For strict checking, omit --relax-modules flag.

[1mTest Results[0m
Module: All Tests

[1mTests:[0m
  [32m✓[0m empty recording is explicit failure (1.446129709s)
      at [2mexamples/crew-lab/session.ail:350:1[0m

[1mProperties:[0m
  [33m⊘[0m encodeHostError_property_1 (1.341736459s)
      [33mno generator for parameter e: HostError[0m
      at [2mexamples/crew-lab/session.ail:32:11[0m
  [33m⊘[0m snapshot_property_1 (139.969791ms)
      [33mno generator for parameter s: Session[0m
      at [2mexamples/crew-lab/session.ail:47:11[0m
  [33m⊘[0m offer_property_1 (141.330959ms)
      [33mno generator for parameter s: Session[0m
      at [2mexamples/crew-lab/session.ail:93:11[0m
  [33m⊘[0m ask_property_1 (142.726209ms)
      [33mno generator for parameter s: Session[0m
      at [2mexamples/crew-lab/session.ail:119:11[0m
  [33m⊘[0m complete_property_1 (140.433292ms)
      [33mno generator for parameter s: Session[0m
      at [2mexamples/crew-lab/session.ail:140:11[0m
  [33m⊘[0m cancel_property_1 (144.354583ms)
      [33mno generator for parameter s: Session[0m
      at [2mexamples/crew-lab/session.ail:172:11[0m
  [33m⊘[0m startTask_property_1 (154.117167ms)
      [33mno generator for parameter s: Session[0m
      at [2mexamples/crew-lab/session.ail:202:11[0m
  [33m⊘[0m resolve_property_1 (195.562959ms)
      [33mno generator for parameter s: Session[0m
      at [2mexamples/crew-lab/session.ail:217:11[0m
  [32m✓[0m start_property_1 (100 cases, 332.986041ms)
      at [2mexamples/crew-lab/session.ail:263:11[0m
  [33m⊘[0m input_property_1 (254.713625ms)
      [33mno generator for parameter s: Session[0m
      at [2mexamples/crew-lab/session.ail:324:11[0m
  [32m✓[0m recording_property_1 (100 cases, 165.421166ms)
      at [2mexamples/crew-lab/session.ail:341:11[0m

──────────────────────────────────────────────────
[31m✗[0m [1m9 properties never ran (no generator) — use --allow-skips to permit[0m

12 tests: 3 passed, 0 failed, 9 skipped (4.59948196s)
  [32m✓ Passed:[0m 3
  [31m✗ Failed:[0m 0
  [33m⊘ Skipped:[0m 9

[1mSeed:[0m
  mode: derived
  master seed: 0
  derivation: ailang-property-seed-v1
  replay: ailang test --seed 0 examples/crew-lab/session.ail

